// Jest Snapshot v1, https://goo.gl/fbAQLP

exports[`Basic Components InputBase should match snapshot 1`] = `
<div>
  <div>
    <header
      class="w-full bg-indigo-600"
    >
      <nav
        aria-label="Top"
        class="px-4 mx-auto sm:px-6 xl:px-16"
      >
        <div
          class="flex items-center justify-between w-full py-6 border-b border-indigo-500 lg:border-none"
        >
          <div
            class="flex items-center cursor-pointer"
          >
            <p
              class="text-xl text-white"
            >
              UPayments Store
            </p>
          </div>
          <div
            class="ml-10 space-x-4"
          >
            <p
              class="text-xl text-white"
            >
              Register
            </p>
          </div>
        </div>
      </nav>
    </header>
    <p>
       Hello 
    </p>
  </div>
</div>
`;

exports[`Basic Components Layout should match snapshot 1`] = `
<div>
  <div>
    <header
      class="w-full bg-indigo-600"
    >
      <nav
        aria-label="Top"
        class="px-4 mx-auto sm:px-6 xl:px-16"
      >
        <div
          class="flex items-center justify-between w-full py-6 border-b border-indigo-500 lg:border-none"
        >
          <div
            class="flex items-center cursor-pointer"
          >
            <p
              class="text-xl text-white"
            >
              UPayments Store
            </p>
          </div>
          <div
            class="ml-10 space-x-4"
          >
            <p
              class="text-xl text-white"
            >
              Register
            </p>
          </div>
        </div>
      </nav>
    </header>
    <p>
       Hello 
    </p>
  </div>
</div>
`;
